\BOOKMARK [1][-]{section.1}{\376\377\000I\000n\000t\000r\000o\000d\000u\000\347\000\343\000o}{}% 1
\BOOKMARK [2][-]{subsection.1.1}{\376\377\000C\000e\000n\000\341\000r\000i\000o\000\040\000d\000e\000\040\000A\000n\000\341\000l\000i\000s\000e}{section.1}% 2
\BOOKMARK [2][-]{subsection.1.2}{\376\377\000F\000u\000n\000d\000a\000m\000e\000n\000t\000a\000\347\000\343\000o\000\040\000T\000e\000\363\000r\000i\000c\000a}{section.1}% 3
\BOOKMARK [1][-]{section.2}{\376\377\000F\000u\000n\000d\000a\000m\000e\000n\000t\000a\000\347\000\343\000o\000\040\000M\000a\000t\000e\000m\000\341\000t\000i\000c\000a}{}% 4
\BOOKMARK [2][-]{subsection.2.1}{\376\377\000P\000r\000i\000n\000c\000\355\000p\000i\000o\000\040\000d\000e\000\040\000F\000e\000r\000m\000a\000t}{section.2}% 5
\BOOKMARK [2][-]{subsection.2.2}{\376\377\000E\000s\000t\000r\000a\000t\000\351\000g\000i\000a\000\040\000I\000t\000e\000r\000a\000t\000i\000v\000a\000\040\000\050\000c\000a\000l\000c\000u\000l\000a\000S\000l\000a\000n\000t\000R\000a\000n\000g\000e\000F\000e\000r\000m\000a\000t\000.\000m\000\051}{section.2}% 6
\BOOKMARK [2][-]{subsection.2.3}{\376\377\000E\000s\000t\000r\000a\000t\000\351\000g\000i\000a\000\040\000V\000e\000t\000o\000r\000i\000z\000a\000d\000a\000\040\000\050\000c\000a\000l\000c\000u\000l\000a\000S\000l\000a\000n\000t\000R\000a\000n\000g\000e\000F\000e\000r\000m\000a\000t\000\137\000e\000f\000f\000.\000m\000\051}{section.2}% 7
\BOOKMARK [1][-]{section.3}{\376\377\000A\000n\000\341\000l\000i\000s\000e\000\040\000C\000o\000m\000p\000a\000r\000a\000t\000i\000v\000a}{}% 8
\BOOKMARK [2][-]{subsection.3.1}{\376\377\000P\000e\000r\000f\000o\000r\000m\000a\000n\000c\000e\000\040\000C\000o\000m\000p\000u\000t\000a\000c\000i\000o\000n\000a\000l}{section.3}% 9
\BOOKMARK [2][-]{subsection.3.2}{\376\377\000P\000r\000e\000c\000i\000s\000\343\000o\000\040\000d\000o\000s\000\040\000R\000e\000s\000u\000l\000t\000a\000d\000o\000s}{section.3}% 10
\BOOKMARK [1][-]{section.4}{\376\377\000R\000e\000s\000u\000l\000t\000a\000d\000o\000s\000\040\000V\000i\000s\000u\000a\000i\000s}{}% 11
\BOOKMARK [2][-]{subsection.4.1}{\376\377\000A\000n\000\341\000l\000i\000s\000e\000\040\000d\000o\000\040\000E\000r\000r\000o\000\040\000e\000m\000\040\000F\000u\000n\000\347\000\343\000o\000\040\000d\000a\000\040\000I\000n\000t\000e\000r\000p\000o\000l\000a\000\347\000\343\000o}{section.4}% 12
\BOOKMARK [1][-]{section.5}{\376\377\000D\000i\000s\000c\000u\000s\000s\000\343\000o\000\040\000d\000o\000s\000\040\000R\000e\000s\000u\000l\000t\000a\000d\000o\000s}{}% 13
\BOOKMARK [2][-]{subsection.5.1}{\376\377\000R\000e\000c\000o\000m\000e\000n\000d\000a\000\347\000\365\000e\000s\000\040\000d\000e\000\040\000U\000s\000o}{section.5}% 14
\BOOKMARK [1][-]{section.6}{\376\377\000I\000m\000p\000l\000e\000m\000e\000n\000t\000a\000\347\000\343\000o\000\040\000e\000m\000\040\000C\000+\000+}{}% 15
\BOOKMARK [2][-]{subsection.6.1}{\376\377\000V\000a\000l\000i\000d\000a\000\347\000\343\000o\000\040\000d\000o\000s\000\040\000R\000e\000s\000u\000l\000t\000a\000d\000o\000s}{section.6}% 16
\BOOKMARK [2][-]{subsection.6.2}{\376\377\000A\000n\000\341\000l\000i\000s\000e\000\040\000d\000e\000\040\000P\000e\000r\000f\000o\000r\000m\000a\000n\000c\000e}{section.6}% 17
\BOOKMARK [1][-]{section.7}{\376\377\000A\000n\000\341\000l\000i\000s\000e\000\040\000E\000l\000e\000t\000r\000o\000m\000a\000g\000n\000\351\000t\000i\000c\000a\000\040\000e\000m\000\040\000M\000e\000i\000o\000s\000\040\000E\000s\000t\000r\000a\000t\000i\000f\000i\000c\000a\000d\000o\000s}{}% 18
\BOOKMARK [2][-]{subsection.7.1}{\376\377\000F\000u\000n\000d\000a\000m\000e\000n\000t\000a\000\347\000\343\000o\000\040\000T\000e\000\363\000r\000i\000c\000a}{section.7}% 19
\BOOKMARK [2][-]{subsection.7.2}{\376\377\000F\000o\000r\000m\000u\000l\000a\000\347\000\343\000o\000\040\000d\000o\000\040\000P\000r\000o\000b\000l\000e\000m\000a\000\040\000M\000u\000l\000t\000i\000c\000a\000m\000a\000d\000a}{section.7}% 20
\BOOKMARK [2][-]{subsection.7.3}{\376\377\000P\000r\000o\000p\000a\000g\000a\000\347\000\343\000o\000\040\000E\000l\000e\000t\000r\000o\000m\000a\000g\000n\000\351\000t\000i\000c\000a\000\040\000e\000m\000\040\000E\000s\000t\000r\000u\000t\000u\000r\000a\000s\000\040\000E\000s\000t\000r\000a\000t\000i\000f\000i\000c\000a\000d\000a\000s}{section.7}% 21
\BOOKMARK [2][-]{subsection.7.4}{\376\377\000C\000o\000n\000d\000i\000\347\000\365\000e\000s\000\040\000d\000e\000\040\000C\000o\000n\000t\000i\000n\000u\000i\000d\000a\000d\000e\000\040\000E\000l\000e\000t\000r\000o\000m\000a\000g\000n\000\351\000t\000i\000c\000a}{section.7}% 22
\BOOKMARK [2][-]{subsection.7.5}{\376\377\000M\000\351\000t\000o\000d\000o\000\040\000d\000a\000s\000\040\000M\000a\000t\000r\000i\000z\000e\000s\000\040\000d\000e\000\040\000T\000r\000a\000n\000s\000f\000e\000r\000\352\000n\000c\000i\000a}{section.7}% 23
\BOOKMARK [3][-]{subsubsection.7.5.1}{\376\377\000M\000a\000t\000r\000i\000z\000\040\000C\000a\000r\000a\000c\000t\000e\000r\000\355\000s\000t\000i\000c\000a\000\040\000d\000e\000\040\000C\000a\000d\000a\000\040\000C\000a\000m\000a\000d\000a}{subsection.7.5}% 24
\BOOKMARK [3][-]{subsubsection.7.5.2}{\376\377\000M\000a\000t\000r\000i\000z\000\040\000d\000e\000\040\000T\000r\000a\000n\000s\000f\000e\000r\000\352\000n\000c\000i\000a\000\040\000T\000o\000t\000a\000l}{subsection.7.5}% 25
\BOOKMARK [2][-]{subsection.7.6}{\376\377\000C\000\341\000l\000c\000u\000l\000o\000\040\000d\000o\000s\000\040\000C\000o\000e\000f\000i\000c\000i\000e\000n\000t\000e\000s\000\040\000d\000e\000\040\000R\000e\000f\000l\000e\000x\000\343\000o}{section.7}% 26
\BOOKMARK [3][-]{subsubsection.7.6.1}{\376\377\000I\000m\000p\000e\000d\000\342\000n\000c\000i\000a\000\040\000d\000e\000\040\000E\000n\000t\000r\000a\000d\000a\000\040\000E\000q\000u\000i\000v\000a\000l\000e\000n\000t\000e}{subsection.7.6}% 27
\BOOKMARK [3][-]{subsubsection.7.6.2}{\376\377\000C\000o\000e\000f\000i\000c\000i\000e\000n\000t\000e\000\040\000d\000e\000\040\000R\000e\000f\000l\000e\000x\000\343\000o}{subsection.7.6}% 28
\BOOKMARK [2][-]{subsection.7.7}{\376\377\000\302\000n\000g\000u\000l\000o\000\040\000d\000e\000\040\000B\000r\000e\000w\000s\000t\000e\000r\000\040\000e\000m\000\040\000E\000s\000t\000r\000u\000t\000u\000r\000a\000s\000\040\000M\000u\000l\000t\000i\000c\000a\000m\000a\000d\000a}{section.7}% 29
\BOOKMARK [3][-]{subsubsection.7.7.1}{\376\377\000D\000e\000f\000i\000n\000i\000\347\000\343\000o\000\040\000e\000\040\000G\000e\000n\000e\000r\000a\000l\000i\000z\000a\000\347\000\343\000o\000\040\000d\000o\000\040\000C\000o\000n\000c\000e\000i\000t\000o}{subsection.7.7}% 30
\BOOKMARK [3][-]{subsubsection.7.7.2}{\376\377\000A\000n\000\341\000l\000i\000s\000e\000\040\000d\000e\000\040\000C\000a\000s\000o\000s\000\040\000P\000a\000r\000t\000i\000c\000u\000l\000a\000r\000e\000s}{subsection.7.7}% 31
